d:\repo\xingjian\server\server\x64\debug\vc143.pdb
d:\repo\xingjian\server\server\x64\debug\vc143.idb
d:\repo\xingjian\server\server\x64\debug\recovermanager.obj
d:\repo\xingjian\server\server\x64\debug\primary.obj
d:\repo\xingjian\server\server\x64\debug\others.obj
d:\repo\xingjian\server\server\x64\debug\objecttypes.obj
d:\repo\xingjian\server\server\x64\debug\notnull.obj
d:\repo\xingjian\server\server\x64\debug\threadpool.obj
d:\repo\xingjian\server\server\x64\debug\test.obj
d:\repo\xingjian\server\server\x64\debug\sqlparser.obj
d:\repo\xingjian\server\server\x64\debug\main.obj
d:\repo\xingjian\server\server\x64\debug\lockmanager.obj
d:\repo\xingjian\server\server\x64\debug\identity.obj
d:\repo\xingjian\server\server\x64\debug\foreign.obj
d:\repo\xingjian\server\server\x64\debug\filemanager.obj
d:\repo\xingjian\server\server\x64\debug\diffplat.obj
d:\repo\xingjian\server\server\x64\debug\client.obj
d:\repo\xingjian\server\server\x64\debug\logger.obj
d:\repo\xingjian\server\server\x64\debug\buffermanager.obj
d:\repo\xingjian\server\server\x64\debug\bplustree.obj
d:\repo\xingjian\server\server\x64\debug\unique.obj
d:\repo\xingjian\server\server\x64\debug\tools.obj
d:\repo\xingjian\server\server\x64\debug\socketmanager.obj
d:\repo\xingjian\server\server\x64\debug\server.obj
d:\repo\xingjian\server\server\x64\debug\sqlinterface.obj
d:\repo\xingjian\server\x64\debug\server.pdb
d:\repo\xingjian\server\server\x64\debug\server.tlog\cl.command.1.tlog
d:\repo\xingjian\server\server\x64\debug\server.tlog\cl.read.1.tlog
d:\repo\xingjian\server\server\x64\debug\server.tlog\cl.write.1.tlog
d:\repo\xingjian\server\server\x64\debug\server.tlog\link-cvtres.read.1.tlog
d:\repo\xingjian\server\server\x64\debug\server.tlog\link-cvtres.write.1.tlog
d:\repo\xingjian\server\server\x64\debug\server.tlog\link-rc.read.1.tlog
d:\repo\xingjian\server\server\x64\debug\server.tlog\link-rc.write.1.tlog
d:\repo\xingjian\server\server\x64\debug\server.tlog\link.command.1.tlog
d:\repo\xingjian\server\server\x64\debug\server.tlog\link.read.1.tlog
d:\repo\xingjian\server\server\x64\debug\server.tlog\link.read.2.tlog
d:\repo\xingjian\server\server\x64\debug\server.tlog\link.read.3.tlog
d:\repo\xingjian\server\server\x64\debug\server.tlog\link.read.4.tlog
d:\repo\xingjian\server\server\x64\debug\server.tlog\link.write.1.tlog
